// Jest Snapshot v1, https://goo.gl/fbAQLP

exports[`PalettesContainer should render with the correct properites 1`] = `
<section
  className="palette-container"
>
  <div
    className="generate-pal"
  >
    <div
      className="pal"
    >
      <Palette
        color="#B42D91"
        freezeColor={[Function]}
        frozen={false}
        key="color1"
        name="color1"
      />
      <Palette
        color="#890CA6"
        freezeColor={[Function]}
        frozen={false}
        key="color2"
        name="color2"
      />
      <Palette
        color="#B42D91"
        freezeColor={[Function]}
        frozen={false}
        key="color3"
        name="color3"
      />
      <Palette
        color="#890CA6"
        freezeColor={[Function]}
        frozen={false}
        key="color4"
        name="color4"
      />
      <Palette
        color="#B42D91"
        freezeColor={[Function]}
        frozen={false}
        key="color5"
        name="color5"
      />
    </div>
    <GeneratePalette
      randomizeColors={[Function]}
    />
  </div>
  <Connect(SavePaletteForm)
    colorList={
      Array [
        Object {
          "color": "#B42D91",
          "frozen": false,
          "name": "color1",
        },
        Object {
          "color": "#890CA6",
          "frozen": false,
          "name": "color2",
        },
        Object {
          "color": "#B42D91",
          "frozen": false,
          "name": "color3",
        },
        Object {
          "color": "#890CA6",
          "frozen": false,
          "name": "color4",
        },
        Object {
          "color": "#B42D91",
          "frozen": false,
          "name": "color5",
        },
      ]
    }
  />
</section>
`;
