// Jest Snapshot v1, https://goo.gl/fbAQLP

exports[`App should render with the correct properites 1`] = `
<main
  className="App"
>
  <Nav />
  <section
    className="palette-info"
  >
    <PalettesContainer />
    <Connect(ProjectsContainer) />
  </section>
</main>
`;
